// Jest Snapshot v1, https://goo.gl/fbAQLP

exports[`should render ExpenseListItem from array item 1`] = `
<Link
  className="list-item"
  to="/edit/03"
>
  <div>
    <h3
      className="list-item__title"
    >
      Beer bar
       
    </h3>
    <span
      className="list-item__subtitle"
    >
      December 11th, 1969
       
    </span>
  </div>
  <h3
    className="list-item__amount"
  >
    $33.00
  </h3>
</Link>
`;
